
> @vheins/local-memory-mcp@0.5.10 dashboard:build
> vite build --config src/dashboard/ui/vite.config.ts

8:42:54 PM [vite-plugin-svelte] no Svelte config found at /home/vheins/Projects/local-memory-mcp/src/dashboard/ui - using default configuration.
vite v8.0.6 building client environment for production...
[2Ktransforming...✓ 140 modules transformed.
✗ Build failed in 1.20s
error during build:
Build failed with 1 error:

[plugin vite-plugin-svelte:compile] /home/vheins/Projects/local-memory-mcp/src/dashboard/ui/src/components/TimeStatsWidget.svelte:86:8
RolldownError: src/dashboard/ui/src/components/TimeStatsWidget.svelte:86:8 `{@const}` must be the immediate child of `{#snippet}`, `{#if}`, `{:else if}`, `{:else}`, `{#each}`, `{:then}`, `{:catch}`, `<svelte:fragment>`, `<svelte:boundary>` or `<Component>`
https://svelte.dev/e/const_tag_invalid_placement
 84 |  
 85 |        <div style="height:120px;display:flex;align-items:flex-end;gap:4px;padding-bottom:20px;position:relative;">
 86 |          {@const maxVal = Math.max(...periodData.history.map(h => Math.max(h.created || 0, h.completed || 0, 1)))}
                                                                                                                        ^
 87 |          
 88 |          {#each periodData.history as h}
    at aggregateBindingErrorsIntoJsError (file:///home/vheins/Projects/local-memory-mcp/node_modules/rolldown/dist/shared/error-DBGOT6sf.mjs:48:18)
    at unwrapBindingResult (file:///home/vheins/Projects/local-memory-mcp/node_modules/rolldown/dist/shared/error-DBGOT6sf.mjs:18:128)
    at #build (file:///home/vheins/Projects/local-memory-mcp/node_modules/rolldown/dist/shared/rolldown-build-hRnqgxyz.mjs:3313:34)
    at async buildEnvironment (file:///home/vheins/Projects/local-memory-mcp/node_modules/vite/dist/node/chunks/node.js:32954:64)
    at async Object.build (file:///home/vheins/Projects/local-memory-mcp/node_modules/vite/dist/node/chunks/node.js:33376:19)
    at async Object.buildApp (file:///home/vheins/Projects/local-memory-mcp/node_modules/vite/dist/node/chunks/node.js:33373:153)
    at async CAC.<anonymous> (file:///home/vheins/Projects/local-memory-mcp/node_modules/vite/dist/node/cli.js:778:3) {
  errors: [Getter/Setter]
}
